// Jest Snapshot v1, https://goo.gl/fbAQLP

exports[`Icon should render Icon corectly 1`] = `
<Text
  accessible={true}
  allowFontScaling={true}
  ellipsizeMode="tail"
>
  test
</Text>
`;
