// Jest Snapshot v1, https://goo.gl/fbAQLP

exports[`container test should render LoginScreen corectly 1`] = `
<View>
  <Text
    accessible={true}
    allowFontScaling={true}
    ellipsizeMode="tail"
  >
    EventDetail
  </Text>
</View>
`;
