// Jest Snapshot v1, https://goo.gl/fbAQLP

exports[`AllNotificationsScreen should render AllNotificationsScreen corectly 1`] = `
<View
  style={
    Object {
      "flex": 1,
    }
  }
>
  <View
    collapsable={undefined}
    onLayout={[Function]}
    pointerEvents="box-none"
    style={
      Object {
        "paddingBottom": 0,
        "paddingLeft": 0,
        "paddingRight": 0,
        "paddingTop": 20,
      }
    }
  />
  <View
    style={
      Array [
        Object {
          "backgroundColor": "#f5f5f5",
          "borderColor": "#e3e3e3",
          "borderRadius": 3,
          "borderWidth": 1,
          "flexDirection": "row",
          "height": 40,
          "marginBottom": 5,
          "marginLeft": 10,
          "marginRight": 10,
          "marginTop": 5,
          "overflow": "hidden",
        },
        undefined,
      ]
    }
  >
    <View
      accessibilityComponentType={undefined}
      accessibilityLabel={undefined}
      accessibilityTraits={undefined}
      accessible={true}
      hasTVPreferredFocus={undefined}
      hitSlop={undefined}
      isTVSelectable={true}
      nativeID={undefined}
      onLayout={undefined}
      onResponderGrant={[Function]}
      onResponderMove={[Function]}
      onResponderRelease={[Function]}
      onResponderTerminate={[Function]}
      onResponderTerminationRequest={[Function]}
      onStartShouldSetResponder={[Function]}
      style={
        Array [
          Object {
            "flex": 1,
          },
          Object {
            "borderRightColor": "#bdc6cf",
            "borderRightWidth": 0,
          },
          false,
          false,
          Object {
            "borderBottomLeftRadius": 3,
            "borderTopLeftRadius": 3,
          },
          Object {
            "backgroundColor": "white",
          },
        ]
      }
      testID={undefined}
      tvParallaxProperties={undefined}
    >
      <View
        style={
          Array [
            Object {
              "alignItems": "center",
              "flex": 1,
              "justifyContent": "center",
            },
            undefined,
            undefined,
          ]
        }
      >
        <Text
          accessible={true}
          allowFontScaling={true}
          ellipsizeMode="tail"
          style={
            Array [
              Object {},
              undefined,
              undefined,
              undefined,
              undefined,
              undefined,
              undefined,
              undefined,
              undefined,
              undefined,
              Array [
                Object {
                  "color": "#5e6977",
                  "fontSize": 16.25,
                  "fontWeight": "500",
                },
                undefined,
                Object {
                  "color": "#43484d",
                },
                undefined,
              ],
            ]
          }
        >
          Unread
        </Text>
      </View>
    </View>
    <View
      accessibilityComponentType={undefined}
      accessibilityLabel={undefined}
      accessibilityTraits={undefined}
      accessible={true}
      hasTVPreferredFocus={undefined}
      hitSlop={undefined}
      isTVSelectable={true}
      nativeID={undefined}
      onLayout={undefined}
      onResponderGrant={[Function]}
      onResponderMove={[Function]}
      onResponderRelease={[Function]}
      onResponderTerminate={[Function]}
      onResponderTerminationRequest={[Function]}
      onStartShouldSetResponder={[Function]}
      style={
        Array [
          Object {
            "flex": 1,
          },
          Object {
            "borderRightColor": "#bdc6cf",
            "borderRightWidth": 1,
          },
          Object {
            "borderLeftColor": "#bdc6cf",
            "borderLeftWidth": 1,
          },
          false,
          false,
          false,
        ]
      }
      testID={undefined}
      tvParallaxProperties={undefined}
    >
      <View
        style={
          Array [
            Object {
              "alignItems": "center",
              "flex": 1,
              "justifyContent": "center",
            },
            undefined,
            false,
          ]
        }
      >
        <Text
          accessible={true}
          allowFontScaling={true}
          ellipsizeMode="tail"
          style={
            Array [
              Object {},
              undefined,
              undefined,
              undefined,
              undefined,
              undefined,
              undefined,
              undefined,
              undefined,
              undefined,
              Array [
                Object {
                  "color": "#5e6977",
                  "fontSize": 16.25,
                  "fontWeight": "500",
                },
                undefined,
                false,
                false,
              ],
            ]
          }
        >
          Participating
        </Text>
      </View>
    </View>
    <View
      accessibilityComponentType={undefined}
      accessibilityLabel={undefined}
      accessibilityTraits={undefined}
      accessible={true}
      hasTVPreferredFocus={undefined}
      hitSlop={undefined}
      isTVSelectable={true}
      nativeID={undefined}
      onLayout={undefined}
      onResponderGrant={[Function]}
      onResponderMove={[Function]}
      onResponderRelease={[Function]}
      onResponderTerminate={[Function]}
      onResponderTerminationRequest={[Function]}
      onStartShouldSetResponder={[Function]}
      style={
        Array [
          Object {
            "flex": 1,
          },
          false,
          false,
          Object {
            "borderBottomRightRadius": 3,
            "borderTopRightRadius": 3,
          },
          false,
          false,
        ]
      }
      testID={undefined}
      tvParallaxProperties={undefined}
    >
      <View
        style={
          Array [
            Object {
              "alignItems": "center",
              "flex": 1,
              "justifyContent": "center",
            },
            undefined,
            false,
          ]
        }
      >
        <Text
          accessible={true}
          allowFontScaling={true}
          ellipsizeMode="tail"
          style={
            Array [
              Object {},
              undefined,
              undefined,
              undefined,
              undefined,
              undefined,
              undefined,
              undefined,
              undefined,
              undefined,
              Array [
                Object {
                  "color": "#5e6977",
                  "fontSize": 16.25,
                  "fontWeight": "500",
                },
                undefined,
                false,
                false,
              ],
            ]
          }
        >
          All
        </Text>
      </View>
    </View>
  </View>
  <RCTScrollView>
    <View>
      <View
        style={
          Array [
            Object {
              "marginLeft": 15,
              "marginRight": 15,
            },
            undefined,
            undefined,
            Object {
              "borderRadius": 3,
            },
          ]
        }
      >
        <View
          accessibilityComponentType={undefined}
          accessibilityLabel={undefined}
          accessibilityTraits={undefined}
          accessible={true}
          hasTVPreferredFocus={undefined}
          hitSlop={undefined}
          isTVSelectable={true}
          nativeID={undefined}
          onLayout={undefined}
          onResponderGrant={[Function]}
          onResponderMove={[Function]}
          onResponderRelease={[Function]}
          onResponderTerminate={[Function]}
          onResponderTerminationRequest={[Function]}
          onStartShouldSetResponder={[Function]}
          style={
            Object {
              "borderColor": "black",
              "flex": 1,
              "shadowColor": "black",
              "shadowOffset": Object {
                "height": 1,
                "width": 1,
              },
              "shadowOpacity": 0.2,
            }
          }
          testID={undefined}
          tvParallaxProperties={undefined}
        >
          <View
            pointerEvents="box-only"
            style={
              Array [
                Object {
                  "alignItems": "center",
                  "backgroundColor": "#9E9E9E",
                  "flexDirection": "row",
                  "justifyContent": "center",
                  "padding": 19,
                },
                undefined,
                undefined,
                undefined,
                undefined,
                undefined,
                Object {
                  "backgroundColor": "#F1F1F1",
                },
                Object {
                  "borderRadius": 3,
                },
                Object {
                  "padding": 12,
                },
                undefined,
                undefined,
                undefined,
                undefined,
                undefined,
                undefined,
              ]
            }
          >
            <Text
              accessible={true}
              allowFontScaling={true}
              ellipsizeMode="tail"
              style={
                Array [
                  Object {},
                  undefined,
                  undefined,
                  undefined,
                  undefined,
                  undefined,
                  undefined,
                  undefined,
                  undefined,
                  undefined,
                  Array [
                    Object {
                      "color": "white",
                      "fontSize": 20,
                    },
                    Object {
                      "color": "black",
                    },
                    Object {
                      "fontSize": 17.5,
                    },
                    undefined,
                    undefined,
                    undefined,
                    null,
                    undefined,
                  ],
                ]
              }
            >
              MARK ALL AS READ
            </Text>
          </View>
        </View>
      </View>
      <View>
        <Text
          accessible={true}
          allowFontScaling={true}
          ellipsizeMode="tail"
          style={
            Object {
              "alignItems": "center",
              "flex": 1,
              "flexDirection": "row",
              "justifyContent": "center",
            }
          }
        >
          You don't have notifications of this type.
        </Text>
      </View>
    </View>
  </RCTScrollView>
</View>
`;
